// Jest Snapshot v1, https://goo.gl/fbAQLP

exports[`AddGoalComponent Component Creation should match snapshot 1`] = `
<app-add-goal
  dialogRef={[Function Function]}
  formBuilder={[Function _FormBuilder]}
  formGroup={[Function FormGroup]}
  snackBarUtil={[Function SnackBarUtil]}
  store={[Function _MockStore]}
>
  <form
    class="ng-untouched ng-pristine ng-invalid"
    novalidate=""
  >
    <mat-form-field
      class="mat-mdc-form-field pe-1 pt-1 w-100 mat-mdc-form-field-type-mat-input mat-form-field-appearance-fill mat-form-field-hide-placeholder mat-primary ng-untouched ng-pristine ng-invalid"
    >
      <div
        class="mat-mdc-text-field-wrapper mdc-text-field mdc-text-field--filled"
      >
        <div
          class="mat-mdc-form-field-focus-overlay"
        />
        <div
          class="mat-mdc-form-field-flex"
        >
          <div
            class="mat-mdc-form-field-infix"
          >
            <label
              class="mdc-floating-label mat-mdc-floating-label"
              for="mat-input-a1"
              id="mat-mdc-form-field-label-a1"
              matformfieldfloatinglabel=""
            >
              <mat-label>
                kgs
              </mat-label>
              <span
                aria-hidden="true"
                class="mat-mdc-form-field-required-marker mdc-floating-label--required"
              />
            </label>
            <input
              aria-required="true"
              class="mat-mdc-input-element ng-untouched ng-pristine ng-invalid mat-mdc-form-field-input-control mdc-text-field__input cdk-text-field-autofill-monitored"
              formcontrolname="targetWeight"
              id="mat-input-a1"
              matinput=""
              required=""
            />
          </div>
        </div>
        <div
          class="mdc-line-ripple mdc-line-ripple--deactivating"
          matformfieldlineripple=""
        />
      </div>
      <div
        aria-atomic="true"
        aria-live="polite"
        class="mat-mdc-form-field-subscript-wrapper mat-mdc-form-field-bottom-align"
      >
        <div
          class="mat-mdc-form-field-hint-wrapper"
        >
          <div
            class="mat-mdc-form-field-hint-spacer"
          />
        </div>
      </div>
    </mat-form-field>
  </form><div
    class="pt-2"
  >
    <button
      class="mdc-button mat-mdc-button-base me-1 mat-mdc-button mat-unthemed _mat-animation-noopable"
      mat-button="tonal"
      mat-ripple-loader-class-name="mat-mdc-button-ripple"
      mat-ripple-loader-uninitialized=""
    >
      <span
        class="mat-mdc-button-persistent-ripple mdc-button__ripple"
      />
      <span
        class="mdc-button__label"
      >
         Reset current goal 
      </span>
      <span
        class="mat-focus-indicator"
      />
      <span
        class="mat-mdc-button-touch-target"
      />
    </button>
    <button
      class="mdc-button mat-mdc-button-base mdc-button--raised mat-mdc-raised-button mat-unthemed _mat-animation-noopable"
      mat-button=""
      mat-raised-button=""
      mat-ripple-loader-class-name="mat-mdc-button-ripple"
      mat-ripple-loader-uninitialized=""
    >
      <span
        class="mat-mdc-button-persistent-ripple mdc-button__ripple"
      />
      <span
        class="mdc-button__label"
      >
        Set new goal
      </span>
      <span
        class="mat-focus-indicator"
      />
      <span
        class="mat-mdc-button-touch-target"
      />
    </button>
  </div>
</app-add-goal>
`;
