// Jest Snapshot v1, https://goo.gl/fbAQLP

exports[`ProgressBarComponent should match snapshot 1`] = `
<app-progress-bar
  entries$={[Function _Store]}
  goal$={[Function _Store]}
  goalService={[Function Object]}
  progress={[Function Function]}
  store={[Function _MockStore]}
>
  <div
    class="w-100"
  >
    <span
      class="goal-label"
    >
      to reach the goal: 75 kgs
    </span>
    <mat-progress-bar
      aria-valuemax="100"
      aria-valuemin="0"
      aria-valuenow="75"
      class="mat-mdc-progress-bar mdc-linear-progress goal-progress-bar mat-primary mdc-linear-progress--animation-ready"
      mode="buffer"
      role="progressbar"
      tabindex="-1"
    >
      <div
        aria-hidden="true"
        class="mdc-linear-progress__buffer"
      >
        <div
          class="mdc-linear-progress__buffer-bar"
          style="flex-basis: 0%;"
        />
        <div
          class="mdc-linear-progress__buffer-dots"
        />
      </div>
      <div
        aria-hidden="true"
        class="mdc-linear-progress__bar mdc-linear-progress__primary-bar"
        style="transform: scaleX(0.75);"
      >
        <span
          class="mdc-linear-progress__bar-inner"
        />
      </div>
      <div
        aria-hidden="true"
        class="mdc-linear-progress__bar mdc-linear-progress__secondary-bar"
      >
        <span
          class="mdc-linear-progress__bar-inner"
        />
      </div>
    </mat-progress-bar>
  </div>
</app-progress-bar>
`;
